// Jest Snapshot v1, https://goo.gl/fbAQLP

exports[`TodoComponent should compile 1`] = `
<app-todo
  store={[Function Store]}
  todos={[Function Store]}
>
  <app-input>
    <div>
      
    
      <input
        placeholder="Add a todo"
      />
      
  
    </div>
    
  
  </app-input>
  <app-list
    ng-reflect-todos=""
  >
    
    
  
  </app-list>
  
</app-todo>
`;
